.next/types/validator.ts(42,39): error TS2307: Cannot find module '../../app/game/page.js' or its corresponding type declarations.
app/dashboard/organizations/[id]/page.tsx(15,31): error TS2339: Property 'decorative_emojis' does not exist on type '{}'.
app/dashboard/organizations/[id]/page.tsx(16,36): error TS2339: Property 'title' does not exist on type '{}'.
app/dashboard/organizations/[id]/page.tsx(17,35): error TS2339: Property 'subtitle' does not exist on type '{}'.
app/dashboard/organizations/[id]/page.tsx(18,41): error TS2339: Property 'welcome_box' does not exist on type '{}'.
app/dashboard/organizations/[id]/page.tsx(19,37): error TS2339: Property 'button_text' does not exist on type '{}'.
app/dashboard/organizations/[id]/page.tsx(20,38): error TS2339: Property 'title' does not exist on type '{}'.
app/dashboard/organizations/[id]/page.tsx(21,41): error TS2339: Property 'small_description' does not exist on type '{}'.
app/dashboard/organizations/[id]/page.tsx(22,40): error TS2339: Property 'message' does not exist on type '{}'.
auth.ts(6,49): error TS2339: Property 'update' does not exist on type 'NextAuthResult'.
components/games/GameWizard.tsx(19,55): error TS2307: Cannot find module '@hello-pangea/dnd' or its corresponding type declarations.
components/games/GameWizard.tsx(222,13): error TS2322: Type 'string | null' is not assignable to type 'string'.
  Type 'null' is not assignable to type 'string'.
lib/actions/choices.actions.ts(13,73): error TS2345: Argument of type 'string | undefined' is not assignable to parameter of type 'string'.
  Type 'undefined' is not assignable to type 'string'.
lib/actions/choices.actions.ts(25,56): error TS2345: Argument of type 'string | undefined' is not assignable to parameter of type 'string'.
  Type 'undefined' is not assignable to type 'string'.
lib/actions/choices.actions.ts(47,56): error TS2345: Argument of type 'string | undefined' is not assignable to parameter of type 'string'.
  Type 'undefined' is not assignable to type 'string'.
lib/actions/dashboard.actions.ts(19,16): error TS2769: No overload matches this call.
  Overload 1 of 3, '(left: PgColumn<{ name: "owner_id"; tableName: "games"; dataType: "string"; columnType: "PgUUID"; data: string; driverParam: string; notNull: true; hasDefault: false; isPrimaryKey: false; isAutoincrement: false; ... 4 more ...; generated: undefined; }, {}, {}>, right: string | SQLWrapper): SQL<...>', gave the following error.
    Argument of type 'string | undefined' is not assignable to parameter of type 'string | SQLWrapper'.
      Type 'undefined' is not assignable to type 'string | SQLWrapper'.
  Overload 2 of 3, '(left: Aliased<string | undefined>, right: string | SQLWrapper | undefined): SQL<unknown>', gave the following error.
    Argument of type 'PgColumn<{ name: "owner_id"; tableName: "games"; dataType: "string"; columnType: "PgUUID"; data: string; driverParam: string; notNull: true; hasDefault: false; isPrimaryKey: false; isAutoincrement: false; ... 4 more ...; generated: undefined; }, {}, {}>' is not assignable to parameter of type 'Aliased<string | undefined>'.
      Type 'PgColumn<{ name: "owner_id"; tableName: "games"; dataType: "string"; columnType: "PgUUID"; data: string; driverParam: string; notNull: true; hasDefault: false; isPrimaryKey: false; isAutoincrement: false; ... 4 more ...; generated: undefined; }, {}, {}>' is missing the following properties from type 'Aliased<string | undefined>': sql, fieldAlias
  Overload 3 of 3, '(left: never, right: unknown): SQL<unknown>', gave the following error.
    Argument of type 'PgColumn<{ name: "owner_id"; tableName: "games"; dataType: "string"; columnType: "PgUUID"; data: string; driverParam: string; notNull: true; hasDefault: false; isPrimaryKey: false; isAutoincrement: false; ... 4 more ...; generated: undefined; }, {}, {}>' is not assignable to parameter of type 'never'.
lib/actions/dashboard.actions.ts(31,16): error TS2769: No overload matches this call.
  Overload 1 of 3, '(left: PgColumn<{ name: "owner_id"; tableName: "organizations"; dataType: "string"; columnType: "PgUUID"; data: string; driverParam: string; notNull: false; hasDefault: false; isPrimaryKey: false; isAutoincrement: false; ... 4 more ...; generated: undefined; }, {}, {}>, right: string | SQLWrapper): SQL<...>', gave the following error.
    Argument of type 'string | undefined' is not assignable to parameter of type 'string | SQLWrapper'.
      Type 'undefined' is not assignable to type 'string | SQLWrapper'.
  Overload 2 of 3, '(left: Aliased<string | undefined>, right: string | SQLWrapper | undefined): SQL<unknown>', gave the following error.
    Argument of type 'PgColumn<{ name: "owner_id"; tableName: "organizations"; dataType: "string"; columnType: "PgUUID"; data: string; driverParam: string; notNull: false; hasDefault: false; isPrimaryKey: false; isAutoincrement: false; ... 4 more ...; generated: undefined; }, {}, {}>' is not assignable to parameter of type 'Aliased<string | undefined>'.
      Type 'PgColumn<{ name: "owner_id"; tableName: "organizations"; dataType: "string"; columnType: "PgUUID"; data: string; driverParam: string; notNull: false; hasDefault: false; isPrimaryKey: false; isAutoincrement: false; ... 4 more ...; generated: undefined; }, {}, {}>' is missing the following properties from type 'Aliased<string | undefined>': sql, fieldAlias
  Overload 3 of 3, '(left: never, right: unknown): SQL<unknown>', gave the following error.
    Argument of type 'PgColumn<{ name: "owner_id"; tableName: "organizations"; dataType: "string"; columnType: "PgUUID"; data: string; driverParam: string; notNull: false; hasDefault: false; isPrimaryKey: false; isAutoincrement: false; ... 4 more ...; generated: undefined; }, {}, {}>' is not assignable to parameter of type 'never'.
lib/actions/game-wizard.actions.ts(51,39): error TS2345: Argument of type 'string | undefined' is not assignable to parameter of type 'string'.
  Type 'undefined' is not assignable to type 'string'.
lib/actions/game-wizard.actions.ts(75,11): error TS2769: No overload matches this call.
  Overload 1 of 2, '(value: { ownerId: string | SQL<unknown> | Placeholder<string, any>; organizationId: string | SQL<unknown> | Placeholder<string, any>; title: string | SQL<unknown> | Placeholder<...>; ... 14 more ...; playCount?: number | ... 2 more ... | undefined; }): PgInsertBase<...>', gave the following error.
    Type 'string | undefined' is not assignable to type 'string | SQL<unknown> | Placeholder<string, any>'.
      Type 'undefined' is not assignable to type 'string | SQL<unknown> | Placeholder<string, any>'.
  Overload 2 of 2, '(values: { ownerId: string | SQL<unknown> | Placeholder<string, any>; organizationId: string | SQL<unknown> | Placeholder<string, any>; title: string | SQL<unknown> | Placeholder<...>; ... 14 more ...; playCount?: number | ... 2 more ... | undefined; }[]): PgInsertBase<...>', gave the following error.
    Object literal may only specify known properties, and 'ownerId' does not exist in type '{ ownerId: string | SQL<unknown> | Placeholder<string, any>; organizationId: string | SQL<unknown> | Placeholder<string, any>; title: string | SQL<unknown> | Placeholder<...>; ... 14 more ...; playCount?: number | ... 2 more ... | undefined; }[]'.
lib/actions/game-wizard.actions.ts(127,5): error TS2554: Expected 2 arguments, but got 1.
lib/actions/game-wizard.actions.ts(128,5): error TS2554: Expected 2 arguments, but got 1.
lib/actions/game-wizard.actions.ts(130,3): error TS2554: Expected 2 arguments, but got 1.
lib/actions/game-wizard.actions.ts(131,3): error TS2554: Expected 2 arguments, but got 1.
lib/actions/game-wizard.actions.ts(142,37): error TS2345: Argument of type 'string | undefined' is not assignable to parameter of type 'string'.
  Type 'undefined' is not assignable to type 'string'.
lib/actions/games.actions.ts(16,5): error TS2322: Type 'string | undefined' is not assignable to type 'string'.
  Type 'undefined' is not assignable to type 'string'.
lib/actions/games.actions.ts(20,3): error TS2554: Expected 2 arguments, but got 1.
lib/actions/games.actions.ts(21,3): error TS2554: Expected 2 arguments, but got 1.
lib/actions/games.actions.ts(32,47): error TS2345: Argument of type 'string | undefined' is not assignable to parameter of type 'string'.
  Type 'undefined' is not assignable to type 'string'.
lib/actions/games.actions.ts(45,37): error TS2345: Argument of type 'string | undefined' is not assignable to parameter of type 'string'.
  Type 'undefined' is not assignable to type 'string'.
lib/actions/games.actions.ts(49,3): error TS2554: Expected 2 arguments, but got 1.
lib/actions/games.actions.ts(50,3): error TS2554: Expected 2 arguments, but got 1.
lib/actions/games.actions.ts(51,3): error TS2554: Expected 2 arguments, but got 1.
lib/actions/games.actions.ts(52,3): error TS2554: Expected 2 arguments, but got 1.
lib/actions/games.actions.ts(60,37): error TS2345: Argument of type 'string | undefined' is not assignable to parameter of type 'string'.
  Type 'undefined' is not assignable to type 'string'.
lib/actions/games.actions.ts(65,3): error TS2554: Expected 2 arguments, but got 1.
lib/actions/games.actions.ts(66,3): error TS2554: Expected 2 arguments, but got 1.
lib/actions/games.actions.ts(67,3): error TS2554: Expected 2 arguments, but got 1.
lib/actions/games.actions.ts(68,3): error TS2554: Expected 2 arguments, but got 1.
lib/actions/games.actions.ts(77,37): error TS2345: Argument of type 'string | undefined' is not assignable to parameter of type 'string'.
  Type 'undefined' is not assignable to type 'string'.
lib/actions/games.actions.ts(91,39): error TS2769: No overload matches this call.
  Overload 1 of 2, '(value: { gameId: string | SQL<unknown> | Placeholder<string, any>; teacherId: string | SQL<unknown> | Placeholder<string, any>; id?: string | SQL<unknown> | Placeholder<...> | undefined; ... 4 more ...; endedAt?: SQL<...> | ... 3 more ... | undefined; }): PgInsertBase<...>', gave the following error.
    Type 'string | undefined' is not assignable to type 'string | SQL<unknown> | Placeholder<string, any>'.
      Type 'undefined' is not assignable to type 'string | SQL<unknown> | Placeholder<string, any>'.
  Overload 2 of 2, '(values: { gameId: string | SQL<unknown> | Placeholder<string, any>; teacherId: string | SQL<unknown> | Placeholder<string, any>; id?: string | SQL<unknown> | Placeholder<...> | undefined; ... 4 more ...; endedAt?: SQL<...> | ... 3 more ... | undefined; }[]): PgInsertBase<...>', gave the following error.
    Object literal may only specify known properties, and 'gameId' does not exist in type '{ gameId: string | SQL<unknown> | Placeholder<string, any>; teacherId: string | SQL<unknown> | Placeholder<string, any>; id?: string | SQL<unknown> | Placeholder<string, any> | undefined; ... 4 more ...; endedAt?: SQL<...> | ... 3 more ... | undefined; }[]'.
lib/actions/games.actions.ts(111,3): error TS2554: Expected 2 arguments, but got 1.
lib/actions/games.actions.ts(112,3): error TS2554: Expected 2 arguments, but got 1.
lib/actions/games.actions.ts(113,3): error TS2554: Expected 2 arguments, but got 1.
lib/actions/games.actions.ts(114,3): error TS2554: Expected 2 arguments, but got 1.
lib/actions/games.actions.ts(115,3): error TS2554: Expected 2 arguments, but got 1.
lib/actions/organizations.actions.ts(20,3): error TS2554: Expected 2 arguments, but got 1.
lib/actions/organizations.actions.ts(21,3): error TS2554: Expected 2 arguments, but got 1.
lib/actions/organizations.actions.ts(30,45): error TS2345: Argument of type 'string | undefined' is not assignable to parameter of type 'string'.
  Type 'undefined' is not assignable to type 'string'.
lib/actions/organizations.actions.ts(40,64): error TS2345: Argument of type 'string | undefined' is not assignable to parameter of type 'string'.
  Type 'undefined' is not assignable to type 'string'.
lib/actions/organizations.actions.ts(53,44): error TS2345: Argument of type 'string | undefined' is not assignable to parameter of type 'string'.
  Type 'undefined' is not assignable to type 'string'.
lib/actions/organizations.actions.ts(58,3): error TS2554: Expected 2 arguments, but got 1.
lib/actions/organizations.actions.ts(59,3): error TS2554: Expected 2 arguments, but got 1.
lib/actions/organizations.actions.ts(68,44): error TS2345: Argument of type 'string | undefined' is not assignable to parameter of type 'string'.
  Type 'undefined' is not assignable to type 'string'.
lib/actions/organizations.actions.ts(73,3): error TS2554: Expected 2 arguments, but got 1.
lib/actions/organizations.actions.ts(74,3): error TS2554: Expected 2 arguments, but got 1.
lib/actions/plays.actions.ts(15,37): error TS2345: Argument of type 'string | undefined' is not assignable to parameter of type 'string'.
  Type 'undefined' is not assignable to type 'string'.
lib/actions/plays.actions.ts(19,5): error TS2322: Type 'string | undefined' is not assignable to type 'string'.
  Type 'undefined' is not assignable to type 'string'.
lib/actions/plays.actions.ts(33,52): error TS2345: Argument of type 'string | undefined' is not assignable to parameter of type 'string'.
  Type 'undefined' is not assignable to type 'string'.
lib/actions/scenarios.actions.ts(14,50): error TS2345: Argument of type 'string | undefined' is not assignable to parameter of type 'string'.
  Type 'undefined' is not assignable to type 'string'.
lib/actions/scenarios.actions.ts(29,37): error TS2345: Argument of type 'string | undefined' is not assignable to parameter of type 'string'.
  Type 'undefined' is not assignable to type 'string'.
lib/actions/scenarios.actions.ts(40,62): error TS2345: Argument of type 'string | undefined' is not assignable to parameter of type 'string'.
  Type 'undefined' is not assignable to type 'string'.
lib/actions/scenarios.actions.ts(53,62): error TS2345: Argument of type 'string | undefined' is not assignable to parameter of type 'string'.
  Type 'undefined' is not assignable to type 'string'.
lib/actions/sessions.actions.ts(25,16): error TS2769: No overload matches this call.
  Overload 1 of 3, '(left: PgColumn<{ name: "teacher_id"; tableName: "classroom_plays"; dataType: "string"; columnType: "PgUUID"; data: string; driverParam: string; notNull: true; hasDefault: false; isPrimaryKey: false; isAutoincrement: false; ... 4 more ...; generated: undefined; }, {}, {}>, right: string | SQLWrapper): SQL<...>', gave the following error.
    Argument of type 'string | undefined' is not assignable to parameter of type 'string | SQLWrapper'.
      Type 'undefined' is not assignable to type 'string | SQLWrapper'.
  Overload 2 of 3, '(left: Aliased<string | undefined>, right: string | SQLWrapper | undefined): SQL<unknown>', gave the following error.
    Argument of type 'PgColumn<{ name: "teacher_id"; tableName: "classroom_plays"; dataType: "string"; columnType: "PgUUID"; data: string; driverParam: string; notNull: true; hasDefault: false; isPrimaryKey: false; isAutoincrement: false; ... 4 more ...; generated: undefined; }, {}, {}>' is not assignable to parameter of type 'Aliased<string | undefined>'.
      Type 'PgColumn<{ name: "teacher_id"; tableName: "classroom_plays"; dataType: "string"; columnType: "PgUUID"; data: string; driverParam: string; notNull: true; hasDefault: false; isPrimaryKey: false; isAutoincrement: false; ... 4 more ...; generated: undefined; }, {}, {}>' is missing the following properties from type 'Aliased<string | undefined>': sql, fieldAlias
  Overload 3 of 3, '(left: never, right: unknown): SQL<unknown>', gave the following error.
    Argument of type 'PgColumn<{ name: "teacher_id"; tableName: "classroom_plays"; dataType: "string"; columnType: "PgUUID"; data: string; driverParam: string; notNull: true; hasDefault: false; isPrimaryKey: false; isAutoincrement: false; ... 4 more ...; generated: undefined; }, {}, {}>' is not assignable to parameter of type 'never'.
lib/actions/sessions.actions.ts(132,9): error TS2769: No overload matches this call.
  Overload 1 of 3, '(left: PgColumn<{ name: "teacher_id"; tableName: "classroom_plays"; dataType: "string"; columnType: "PgUUID"; data: string; driverParam: string; notNull: true; hasDefault: false; isPrimaryKey: false; isAutoincrement: false; ... 4 more ...; generated: undefined; }, {}, {}>, right: string | SQLWrapper): SQL<...>', gave the following error.
    Argument of type 'string | undefined' is not assignable to parameter of type 'string | SQLWrapper'.
      Type 'undefined' is not assignable to type 'string | SQLWrapper'.
  Overload 2 of 3, '(left: Aliased<string | undefined>, right: string | SQLWrapper | undefined): SQL<unknown>', gave the following error.
    Argument of type 'PgColumn<{ name: "teacher_id"; tableName: "classroom_plays"; dataType: "string"; columnType: "PgUUID"; data: string; driverParam: string; notNull: true; hasDefault: false; isPrimaryKey: false; isAutoincrement: false; ... 4 more ...; generated: undefined; }, {}, {}>' is not assignable to parameter of type 'Aliased<string | undefined>'.
      Type 'PgColumn<{ name: "teacher_id"; tableName: "classroom_plays"; dataType: "string"; columnType: "PgUUID"; data: string; driverParam: string; notNull: true; hasDefault: false; isPrimaryKey: false; isAutoincrement: false; ... 4 more ...; generated: undefined; }, {}, {}>' is missing the following properties from type 'Aliased<string | undefined>': sql, fieldAlias
  Overload 3 of 3, '(left: never, right: unknown): SQL<unknown>', gave the following error.
    Argument of type 'PgColumn<{ name: "teacher_id"; tableName: "classroom_plays"; dataType: "string"; columnType: "PgUUID"; data: string; driverParam: string; notNull: true; hasDefault: false; isPrimaryKey: false; isAutoincrement: false; ... 4 more ...; generated: undefined; }, {}, {}>' is not assignable to parameter of type 'never'.
lib/actions/sessions.actions.ts(136,3): error TS2554: Expected 2 arguments, but got 1.
lib/actions/sessions.actions.ts(138,5): error TS2554: Expected 2 arguments, but got 1.
lib/actions/sessions.actions.ts(161,9): error TS2769: No overload matches this call.
  Overload 1 of 3, '(left: PgColumn<{ name: "teacher_id"; tableName: "classroom_plays"; dataType: "string"; columnType: "PgUUID"; data: string; driverParam: string; notNull: true; hasDefault: false; isPrimaryKey: false; isAutoincrement: false; ... 4 more ...; generated: undefined; }, {}, {}>, right: string | SQLWrapper): SQL<...>', gave the following error.
    Argument of type 'string | undefined' is not assignable to parameter of type 'string | SQLWrapper'.
      Type 'undefined' is not assignable to type 'string | SQLWrapper'.
  Overload 2 of 3, '(left: Aliased<string | undefined>, right: string | SQLWrapper | undefined): SQL<unknown>', gave the following error.
    Argument of type 'PgColumn<{ name: "teacher_id"; tableName: "classroom_plays"; dataType: "string"; columnType: "PgUUID"; data: string; driverParam: string; notNull: true; hasDefault: false; isPrimaryKey: false; isAutoincrement: false; ... 4 more ...; generated: undefined; }, {}, {}>' is not assignable to parameter of type 'Aliased<string | undefined>'.
      Type 'PgColumn<{ name: "teacher_id"; tableName: "classroom_plays"; dataType: "string"; columnType: "PgUUID"; data: string; driverParam: string; notNull: true; hasDefault: false; isPrimaryKey: false; isAutoincrement: false; ... 4 more ...; generated: undefined; }, {}, {}>' is missing the following properties from type 'Aliased<string | undefined>': sql, fieldAlias
  Overload 3 of 3, '(left: never, right: unknown): SQL<unknown>', gave the following error.
    Argument of type 'PgColumn<{ name: "teacher_id"; tableName: "classroom_plays"; dataType: "string"; columnType: "PgUUID"; data: string; driverParam: string; notNull: true; hasDefault: false; isPrimaryKey: false; isAutoincrement: false; ... 4 more ...; generated: undefined; }, {}, {}>' is not assignable to parameter of type 'never'.
lib/actions/users.actions.ts(17,12): error TS2769: No overload matches this call.
  Overload 1 of 3, '(left: PgColumn<{ name: "id"; tableName: "users"; dataType: "string"; columnType: "PgUUID"; data: string; driverParam: string; notNull: true; hasDefault: true; isPrimaryKey: true; isAutoincrement: false; ... 4 more ...; generated: undefined; }, {}, {}>, right: string | SQLWrapper): SQL<...>', gave the following error.
    Argument of type 'string | undefined' is not assignable to parameter of type 'string | SQLWrapper'.
      Type 'undefined' is not assignable to type 'string | SQLWrapper'.
  Overload 2 of 3, '(left: Aliased<string | undefined>, right: string | SQLWrapper | undefined): SQL<unknown>', gave the following error.
    Argument of type 'PgColumn<{ name: "id"; tableName: "users"; dataType: "string"; columnType: "PgUUID"; data: string; driverParam: string; notNull: true; hasDefault: true; isPrimaryKey: true; isAutoincrement: false; hasRuntimeDefault: false; enumValues: undefined; baseColumn: never; identity: undefined; generated: undefined; }, {}, {}>' is not assignable to parameter of type 'Aliased<string | undefined>'.
      Type 'PgColumn<{ name: "id"; tableName: "users"; dataType: "string"; columnType: "PgUUID"; data: string; driverParam: string; notNull: true; hasDefault: true; isPrimaryKey: true; isAutoincrement: false; hasRuntimeDefault: false; enumValues: undefined; baseColumn: never; identity: undefined; generated: undefined; }, {}, {}>' is missing the following properties from type 'Aliased<string | undefined>': sql, fieldAlias
  Overload 3 of 3, '(left: never, right: unknown): SQL<unknown>', gave the following error.
    Argument of type 'PgColumn<{ name: "id"; tableName: "users"; dataType: "string"; columnType: "PgUUID"; data: string; driverParam: string; notNull: true; hasDefault: true; isPrimaryKey: true; isAutoincrement: false; hasRuntimeDefault: false; enumValues: undefined; baseColumn: never; identity: undefined; generated: undefined; }, {}, {}>' is not assignable to parameter of type 'never'.
lib/hooks/use-long-press.ts(14,19): error TS2554: Expected 1 arguments, but got 0.
lib/hooks/use-long-press.ts(15,18): error TS2554: Expected 1 arguments, but got 0.
